// Jest Snapshot v1, https://goo.gl/fbAQLP

exports[`FILEINFO_HDF5: Testing if info of an HDF5 image file is correctly delivered by the backend Go to "set_QA" folder query the info of file : M17_SWex.hdf5 assert FILE_INFO_RESPONSE.file_info_extended.computed_entries 1`] = `
Array [
  Object {
    "name": "Name",
    "value": "M17_SWex.hdf5",
  },
  Object {
    "name": "HDU",
    "value": "0",
  },
  Object {
    "name": "Shape",
    "value": "[640, 800, 25, 1]",
  },
  Object {
    "entryType": "INT",
    "name": "Number of channels",
    "numericValue": 25,
    "value": "25",
  },
  Object {
    "entryType": "INT",
    "name": "Number of stokes",
    "numericValue": 1,
    "value": "1",
  },
  Object {
    "name": "Coordinate type",
    "value": "Right Ascension, Declination",
  },
  Object {
    "name": "Projection",
    "value": "SIN",
  },
  Object {
    "name": "Image reference pixels",
    "value": "[321, 401]",
  },
  Object {
    "name": "Image reference coords",
    "value": "[18:20:20.9985, -016.12.10.0003]",
  },
  Object {
    "name": "Image ref coords (deg)",
    "value": "[275.087 deg, -16.2028 deg]",
  },
  Object {
    "name": "Pixel increment",
    "value": "-0.4\\", 0.4\\"",
  },
  Object {
    "name": "Celestial frame",
    "value": "ICRS",
  },
  Object {
    "name": "Spectral frame",
    "value": "LSRK",
  },
  Object {
    "name": "Velocity definition",
    "value": "RADIO",
  },
  Object {
    "name": "Pixel unit",
    "value": "Jy/beam",
  },
  Object {
    "name": "Restoring beam",
    "value": "2.06105\\" X 1.49126\\", -74.6267 deg",
  },
  Object {
    "name": "Has mipmaps",
    "value": "T",
  },
]
`;

exports[`FILEINFO_HDF5: Testing if info of an HDF5 image file is correctly delivered by the backend Go to "set_QA" folder query the info of file : M17_SWex.hdf5 assert FILE_INFO_RESPONSE.file_info_extended.header_entries 1`] = `
Array [
  Object {
    "name": "SCHEMA_VERSION",
    "value": "0.3",
  },
  Object {
    "name": "HDF5_CONVERTER",
    "value": "hdf_convert",
  },
  Object {
    "name": "HDF5_CONVERTER_VERSION",
    "value": "0.1.10",
  },
  Object {
    "name": "SIMPLE",
    "value": "T",
  },
  Object {
    "entryType": "INT",
    "name": "BITPIX",
    "numericValue": -32,
    "value": "-32",
  },
  Object {
    "entryType": "INT",
    "name": "NAXIS",
    "numericValue": 4,
    "value": "4",
  },
  Object {
    "entryType": "INT",
    "name": "NAXIS1",
    "numericValue": 640,
    "value": "640",
  },
  Object {
    "entryType": "INT",
    "name": "NAXIS2",
    "numericValue": 800,
    "value": "800",
  },
  Object {
    "entryType": "INT",
    "name": "NAXIS3",
    "numericValue": 25,
    "value": "25",
  },
  Object {
    "entryType": "INT",
    "name": "NAXIS4",
    "numericValue": 1,
    "value": "1",
  },
  Object {
    "name": "EXTEND",
    "value": "T",
  },
  Object {
    "entryType": "FLOAT",
    "name": "BSCALE",
    "numericValue": 1,
    "value": "1.000000000000",
  },
  Object {
    "entryType": "FLOAT",
    "name": "BZERO",
    "value": "0.000000000000",
  },
  Object {
    "entryType": "FLOAT",
    "name": "BMAJ",
    "numericValue": 0.0005725136068132,
    "value": "0.0005725136068132",
  },
  Object {
    "entryType": "FLOAT",
    "name": "BMIN",
    "numericValue": 0.0004142385721207,
    "value": "0.0004142385721207",
  },
  Object {
    "entryType": "FLOAT",
    "name": "BPA",
    "numericValue": -74.62673187256,
    "value": "-74.62673187256",
  },
  Object {
    "name": "BTYPE",
    "value": "Intensity",
  },
  Object {
    "name": "OBJECT",
    "value": "M17SW",
  },
  Object {
    "comment": "/beam'",
    "name": "BUNIT",
    "value": "Jy",
  },
  Object {
    "name": "RADESYS",
    "value": "ICRS",
  },
  Object {
    "entryType": "FLOAT",
    "name": "LONPOLE",
    "numericValue": 180,
    "value": "180.0000000000",
  },
  Object {
    "entryType": "FLOAT",
    "name": "LATPOLE",
    "numericValue": -16.20277777779,
    "value": "-16.20277777779",
  },
  Object {
    "entryType": "FLOAT",
    "name": "PC01_01",
    "numericValue": 1,
    "value": "1.000000000000",
  },
  Object {
    "entryType": "FLOAT",
    "name": "PC02_01",
    "value": "0.000000000000",
  },
  Object {
    "entryType": "FLOAT",
    "name": "PC03_01",
    "value": "0.000000000000",
  },
  Object {
    "entryType": "FLOAT",
    "name": "PC04_01",
    "value": "0.000000000000",
  },
  Object {
    "entryType": "FLOAT",
    "name": "PC01_02",
    "value": "0.000000000000",
  },
  Object {
    "entryType": "FLOAT",
    "name": "PC02_02",
    "numericValue": 1,
    "value": "1.000000000000",
  },
  Object {
    "entryType": "FLOAT",
    "name": "PC03_02",
    "value": "0.000000000000",
  },
  Object {
    "entryType": "FLOAT",
    "name": "PC04_02",
    "value": "0.000000000000",
  },
  Object {
    "entryType": "FLOAT",
    "name": "PC01_03",
    "value": "0.000000000000",
  },
  Object {
    "entryType": "FLOAT",
    "name": "PC02_03",
    "value": "0.000000000000",
  },
  Object {
    "entryType": "FLOAT",
    "name": "PC03_03",
    "numericValue": 1,
    "value": "1.000000000000",
  },
  Object {
    "entryType": "FLOAT",
    "name": "PC04_03",
    "value": "0.000000000000",
  },
  Object {
    "entryType": "FLOAT",
    "name": "PC01_04",
    "value": "0.000000000000",
  },
  Object {
    "entryType": "FLOAT",
    "name": "PC02_04",
    "value": "0.000000000000",
  },
  Object {
    "entryType": "FLOAT",
    "name": "PC03_04",
    "value": "0.000000000000",
  },
  Object {
    "entryType": "FLOAT",
    "name": "PC04_04",
    "numericValue": 1,
    "value": "1.000000000000",
  },
  Object {
    "name": "CTYPE1",
    "value": "RA---SIN",
  },
  Object {
    "entryType": "FLOAT",
    "name": "CRVAL1",
    "numericValue": 275.0875000001,
    "value": "275.0875000001",
  },
  Object {
    "entryType": "FLOAT",
    "name": "CDELT1",
    "numericValue": -0.0001111111111111,
    "value": "-0.0001111111111111",
  },
  Object {
    "entryType": "FLOAT",
    "name": "CRPIX1",
    "numericValue": 321,
    "value": "321.0000000000",
  },
  Object {
    "name": "CUNIT1",
    "value": "deg",
  },
  Object {
    "name": "CTYPE2",
    "value": "DEC--SIN",
  },
  Object {
    "entryType": "FLOAT",
    "name": "CRVAL2",
    "numericValue": -16.20277777779,
    "value": "-16.20277777779",
  },
  Object {
    "entryType": "FLOAT",
    "name": "CDELT2",
    "numericValue": 0.0001111111111111,
    "value": "0.0001111111111111",
  },
  Object {
    "entryType": "FLOAT",
    "name": "CRPIX2",
    "numericValue": 401,
    "value": "401.0000000000",
  },
  Object {
    "name": "CUNIT2",
    "value": "deg",
  },
  Object {
    "name": "CTYPE3",
    "value": "FREQ",
  },
  Object {
    "entryType": "FLOAT",
    "name": "CRVAL3",
    "numericValue": 86751396188.4,
    "value": "86751396188.40",
  },
  Object {
    "entryType": "FLOAT",
    "name": "CDELT3",
    "numericValue": -244237.7011414,
    "value": "-244237.7011414",
  },
  Object {
    "entryType": "FLOAT",
    "name": "CRPIX3",
    "numericValue": 1,
    "value": "1.000000000000",
  },
  Object {
    "name": "CUNIT3",
    "value": "Hz",
  },
  Object {
    "name": "CTYPE4",
    "value": "STOKES",
  },
  Object {
    "entryType": "FLOAT",
    "name": "CRVAL4",
    "numericValue": 1,
    "value": "1.000000000000",
  },
  Object {
    "entryType": "FLOAT",
    "name": "CDELT4",
    "numericValue": 1,
    "value": "1.000000000000",
  },
  Object {
    "entryType": "FLOAT",
    "name": "CRPIX4",
    "numericValue": 1,
    "value": "1.000000000000",
  },
  Object {
    "name": "CUNIT4",
  },
  Object {
    "entryType": "FLOAT",
    "name": "PV2_1",
    "value": "0.000000000000",
  },
  Object {
    "entryType": "FLOAT",
    "name": "PV2_2",
    "value": "0.000000000000",
  },
  Object {
    "entryType": "FLOAT",
    "name": "RESTFRQ",
    "numericValue": 86754290000,
    "value": "86754290000.00",
  },
  Object {
    "name": "SPECSYS",
    "value": "LSRK",
  },
  Object {
    "entryType": "FLOAT",
    "name": "ALTRVAL",
    "numericValue": 9999.999914138,
    "value": "9999.999914138",
  },
  Object {
    "entryType": "FLOAT",
    "name": "ALTRPIX",
    "numericValue": 1,
    "value": "1.000000000000",
  },
  Object {
    "entryType": "INT",
    "name": "VELREF",
    "numericValue": 257,
    "value": "257",
  },
  Object {
    "name": "TELESCOP",
    "value": "ALMA",
  },
  Object {
    "name": "OBSERVER",
    "value": "sishii",
  },
  Object {
    "name": "DATE-OBS",
    "value": "2016-04-03T13:02:58.800000",
  },
  Object {
    "name": "TIMESYS",
    "value": "UTC",
  },
  Object {
    "entryType": "FLOAT",
    "name": "OBSRA",
    "numericValue": 275.0875000001,
    "value": "275.0875000001",
  },
  Object {
    "entryType": "FLOAT",
    "name": "OBSDEC",
    "numericValue": -16.20277777779,
    "value": "-16.20277777779",
  },
  Object {
    "entryType": "FLOAT",
    "name": "OBSGEO-X",
    "numericValue": 2225142.180269,
    "value": "2225142.180269",
  },
  Object {
    "entryType": "FLOAT",
    "name": "OBSGEO-Y",
    "numericValue": -5440307.370349,
    "value": "-5440307.370349",
  },
  Object {
    "entryType": "FLOAT",
    "name": "OBSGEO-Z",
    "numericValue": -2481029.851874,
    "value": "-2481029.851874",
  },
  Object {
    "name": "DATE",
    "value": "2016-09-07T22:08:24.390000",
  },
  Object {
    "name": "ORIGIN",
    "value": "CASA 4.5.2-REL (r36115)",
  },
]
`;
